[12:11:44.624] [INFO] Storybook upgrade - v10.4.0
[12:11:44.629] [INFO] detect-projects-spinner-start: Detecting projects...
[12:11:44.677] [INFO] detect-projects-spinner: Detecting projects: 1 projects
[12:11:44.677] [DEBUG] Getting Storybook data...
[12:11:44.677] [DEBUG] Getting Storybook info...
[12:11:44.690] [DEBUG] Loading main config...
[12:11:44.690] [DEBUG] Getting stories paths...
[12:11:44.711] [DEBUG] Getting package manager...
[12:11:45.207] [DEBUG] Getting package.json info for C:/projects/bench-skills-up/apps/storybook/package.json...
[12:11:45.207] [DEBUG] Getting Storybook version...
[12:11:45.208] [DEBUG] Detecting CSF factory usage...
[12:11:45.228] [DEBUG] apps/storybook/.storybook - Validating before version... undefined
[12:11:45.229] [DEBUG] SB_CLI_UPGRADE_0005 (UpgradeStorybookUnknownCurrentVersionError): We couldn't determine the current version of Storybook in your project.

Are you running the Storybook CLI in a project without Storybook?
It might help if you specify your Storybook config directory with the --config-dir flag.
[12:11:45.229] [INFO] detect-projects-spinner-stop: 1 project detected
[12:11:45.230] [DEBUG] Found 0 valid projects and 1 error projects
[12:11:45.230] [ERROR] Failed to get projects
[12:11:45.232] [ERROR] [38;2;241;97;97mError: ❌ Storybook found errors while collecting data for the following projects:
apps/storybook/.storybook:
SB_CLI_UPGRADE_0005 (UpgradeStorybookUnknownCurrentVersionError): We couldn't determine the current version of Storybook in your project.

Are you running the Storybook CLI in a project without Storybook?
It might help if you specify your Storybook config directory with the --config-dir flag.
    at validateVersion (file:///C:/Users/rishi/AppData/Local/npm-cache/_npx/a2344a67d40e0ded/node_modules/@storybook/cli/dist/_node-chunks/chunk-UI4WZ34X.js:270:11)
    at processProject (file:///C:/Users/rishi/AppData/Local/npm-cache/_npx/a2344a67d40e0ded/node_modules/@storybook/cli/dist/_node-chunks/chunk-UI4WZ34X.js:316:82)
Please fix the errors and run the upgrade command again.[39m
    at getProjects (file:///C:/Users/rishi/AppData/Local/npm-cache/_npx/a2344a67d40e0ded/node_modules/@storybook/cli/dist/_node-chunks/chunk-UI4WZ34X.js:488:13)
    at async upgrade (file:///C:/Users/rishi/AppData/Local/npm-cache/_npx/a2344a67d40e0ded/node_modules/@storybook/cli/dist/_node-chunks/run-CMSUW4EI.js:10341:24)
    at async file:///C:/Users/rishi/AppData/Local/npm-cache/_npx/a2344a67d40e0ded/node_modules/@storybook/cli/dist/_node-chunks/run-CMSUW4EI.js:10553:70
    at async withTelemetry (file:///C:/Users/rishi/AppData/Local/npm-cache/_npx/a2344a67d40e0ded/node_modules/storybook/dist/_node-chunks/chunk-OQIYQ5CW.js:655:12)
    at async Command.<anonymous> (file:///C:/Users/rishi/AppData/Local/npm-cache/_npx/a2344a67d40e0ded/node_modules/@storybook/cli/dist/_node-chunks/run-CMSUW4EI.js:10549:3)
[12:11:46.964] [ERROR] Error: ❌ Storybook found errors while collecting data for the following projects:
apps/storybook/.storybook:
SB_CLI_UPGRADE_0005 (UpgradeStorybookUnknownCurrentVersionError): We couldn't determine the current version of Storybook in your project.

Are you running the Storybook CLI in a project without Storybook?
It might help if you specify your Storybook config directory with the --config-dir flag.
    at validateVersion (file:///C:/Users/rishi/AppData/Local/npm-cache/_npx/a2344a67d40e0ded/node_modules/@storybook/cli/dist/_node-chunks/chunk-UI4WZ34X.js:270:11)
    at processProject (file:///C:/Users/rishi/AppData/Local/npm-cache/_npx/a2344a67d40e0ded/node_modules/@storybook/cli/dist/_node-chunks/chunk-UI4WZ34X.js:316:82)
Please fix the errors and run the upgrade command again.